
> crm-superadmin-panel@0.1.0 build
> tsc && vite build

src/components/EditAdminModal.tsx(65,24): error TS2352: Conversion of type 'PaginatedCompaniesResponse' to type 'ApiResponse<any[]>' may be a mistake because neither type sufficiently overlaps with the other. If this was intentional, convert the expression to 'unknown' first.
  Types of property 'data' are incompatible.
    Type '{ current_page: number; data: Company[]; first_page_url: string; from: number; last_page: number; last_page_url: string; links: { url: string | null; label: string; page: number | null; active: boolean; }[]; ... 5 more ...; total: number; }' is missing the following properties from type 'any[]': length, pop, push, concat, and 35 more.
src/components/EditAdminModal.tsx(176,61): error TS2353: Object literal may only specify known properties, and 'password' does not exist in type 'UpdateAdminRequest'.
src/pages/CompanyAdmins.tsx(107,75): error TS2353: Object literal may only specify known properties, and 'password' does not exist in type 'UpdateAdminRequest'.
